2020/06/04 07:16:29 Log!!
2020/06/04 07:17:33 Log!!
2020/06/04 07:18:03 Log!!
2020/06/04 07:20:28 Log!!
2020/06/04 07:22:23 Log!!
2020/06/04 07:23:03 Log!!
2020/06/04 07:23:33 Log!!
2020/06/04 07:30:59 Log!!
2020/06/04 14:16:18 Log!!
2020/06/04 14:20:32 Log!!
2020/06/04 14:23:37 Log!!
2020/06/04 14:25:57 Log!!
2020/06/04 14:30:09 Log!!
2020/06/04 14:32:16 Log!!
2020/06/04 14:33:09 Log!!
2020/06/04 14:39:55 Log!!
2020/06/05 00:55:43 Log!!
2020/06/05 10:55:19 Log!!
